// Jest Snapshot v1, https://goo.gl/fbAQLP

exports[`Testing on <CheckoutStatusLayout/> shouldshould render the component correctly and must match with the Snapshot  1`] = `
{
  "asFragment": [Function],
  "baseElement": <body>
    <div>
      <div
        class="MuiGrid-root MuiGrid-container justify-center w-10/12 pt-10 pb-20 css-11lq3yg-MuiGrid-root"
      >
        <div
          class="MuiContainer-root MuiContainer-maxWidthLg flex w-full p-0 css-1oqqzyl-MuiContainer-root"
        >
          <div
            class="w-[10px] h-full mr-3 undefined MuiBox-root css-0"
          />
          <h2
            class="MuiTypography-root MuiTypography-h2 css-1sra7t5-MuiTypography-root"
          >
            Title Test
          </h2>
        </div>
        <div
          class="MuiGrid-root MuiGrid-container mt-8 css-11lq3yg-MuiGrid-root"
        >
          demo data
        </div>
      </div>
    </div>
  </body>,
  "container": <div>
    <div
      class="MuiGrid-root MuiGrid-container justify-center w-10/12 pt-10 pb-20 css-11lq3yg-MuiGrid-root"
    >
      <div
        class="MuiContainer-root MuiContainer-maxWidthLg flex w-full p-0 css-1oqqzyl-MuiContainer-root"
      >
        <div
          class="w-[10px] h-full mr-3 undefined MuiBox-root css-0"
        />
        <h2
          class="MuiTypography-root MuiTypography-h2 css-1sra7t5-MuiTypography-root"
        >
          Title Test
        </h2>
      </div>
      <div
        class="MuiGrid-root MuiGrid-container mt-8 css-11lq3yg-MuiGrid-root"
      >
        demo data
      </div>
    </div>
  </div>,
  "debug": [Function],
  "findAllByAltText": [Function],
  "findAllByDisplayValue": [Function],
  "findAllByLabelText": [Function],
  "findAllByPlaceholderText": [Function],
  "findAllByRole": [Function],
  "findAllByTestId": [Function],
  "findAllByText": [Function],
  "findAllByTitle": [Function],
  "findByAltText": [Function],
  "findByDisplayValue": [Function],
  "findByLabelText": [Function],
  "findByPlaceholderText": [Function],
  "findByRole": [Function],
  "findByTestId": [Function],
  "findByText": [Function],
  "findByTitle": [Function],
  "getAllByAltText": [Function],
  "getAllByDisplayValue": [Function],
  "getAllByLabelText": [Function],
  "getAllByPlaceholderText": [Function],
  "getAllByRole": [Function],
  "getAllByTestId": [Function],
  "getAllByText": [Function],
  "getAllByTitle": [Function],
  "getByAltText": [Function],
  "getByDisplayValue": [Function],
  "getByLabelText": [Function],
  "getByPlaceholderText": [Function],
  "getByRole": [Function],
  "getByTestId": [Function],
  "getByText": [Function],
  "getByTitle": [Function],
  "queryAllByAltText": [Function],
  "queryAllByDisplayValue": [Function],
  "queryAllByLabelText": [Function],
  "queryAllByPlaceholderText": [Function],
  "queryAllByRole": [Function],
  "queryAllByTestId": [Function],
  "queryAllByText": [Function],
  "queryAllByTitle": [Function],
  "queryByAltText": [Function],
  "queryByDisplayValue": [Function],
  "queryByLabelText": [Function],
  "queryByPlaceholderText": [Function],
  "queryByRole": [Function],
  "queryByTestId": [Function],
  "queryByText": [Function],
  "queryByTitle": [Function],
  "rerender": [Function],
  "unmount": [Function],
}
`;
