// Jest Snapshot v1, https://goo.gl/fbAQLP

exports[`Testing on <ProductNotFount/> must match the snapshot  1`] = `
{
  "asFragment": [Function],
  "baseElement": <body>
    <div>
      <div
        class="MuiGrid-root MuiGrid-container justify-center items-center bg-white w-10/12 rounded-md h-96 my-10 flex-col text-center text-gray-400 css-11lq3yg-MuiGrid-root"
      >
        <svg
          aria-hidden="true"
          class="MuiSvgIcon-root MuiSvgIcon-fontSizeMedium w-28 h-28 css-i4bv87-MuiSvgIcon-root"
          focusable="false"
          viewBox="0 0 470.333 470.333"
        >
          <g>
            <g>
              <path
                d="M235.167,470.333c129.767,0,235.167-105.4,235.167-235.167S364.933,0,235.167,0S0,105.4,0,235.167    S105.4,470.333,235.167,470.333z M235.167,34c110.783,0,201.167,90.383,201.167,201.167S345.95,436.333,235.167,436.333    S34,345.95,34,235.167S124.383,34,235.167,34z"
              />
              <path
                d="M164.333,196.633c7.083,0,13.883-2.833,18.983-7.933c10.483-10.483,10.483-27.483,0-37.967    c-5.1-5.1-11.9-7.933-18.983-7.933s-13.883,2.833-18.983,7.933c-10.483,10.483-10.483,27.483,0,37.967    C150.45,193.8,157.25,196.633,164.333,196.633z"
              />
              <path
                d="M299.2,196.633c7.083,0,13.883-2.833,18.983-7.933c10.483-10.483,10.483-27.483,0-37.967    c-5.1-5.1-11.9-7.933-18.983-7.933s-13.883,2.833-18.983,7.933c-10.483,10.483-10.483,27.483,0,37.967    C285.317,193.8,291.833,196.633,299.2,196.633z"
              />
              <path
                d="M157.25,328.667c0.567-1.7,11.617-38.25,73.667-38.25c64.033,0,82.167,38.817,82.733,40.233    c2.833,6.517,9.067,10.483,15.583,10.483c2.267,0,4.25-0.283,6.517-1.417c8.783-3.683,12.75-13.6,9.067-22.1    c-1.133-2.55-26.35-61.2-114.183-61.2c-89.533,0-105.967,61.2-106.533,63.75l16.433,4.25L157.25,328.667z"
              />
            </g>
          </g>
        </svg>
        <h2
          class="MuiTypography-root MuiTypography-h1 text-inherit mt-5 css-o2w69a-MuiTypography-root"
        >
          404
        </h2>
        <h2
          class="MuiTypography-root MuiTypography-h3 text-inherit my-2 css-gepadz-MuiTypography-root"
        >
          Producto no encontrado
        </h2>
        <h2
          class="MuiTypography-root MuiTypography-h6 text-inherit css-2ulfj5-MuiTypography-root"
        >
          El producto no existe o ya no hay disponibilidad
        </h2>
      </div>
    </div>
  </body>,
  "container": <div>
    <div
      class="MuiGrid-root MuiGrid-container justify-center items-center bg-white w-10/12 rounded-md h-96 my-10 flex-col text-center text-gray-400 css-11lq3yg-MuiGrid-root"
    >
      <svg
        aria-hidden="true"
        class="MuiSvgIcon-root MuiSvgIcon-fontSizeMedium w-28 h-28 css-i4bv87-MuiSvgIcon-root"
        focusable="false"
        viewBox="0 0 470.333 470.333"
      >
        <g>
          <g>
            <path
              d="M235.167,470.333c129.767,0,235.167-105.4,235.167-235.167S364.933,0,235.167,0S0,105.4,0,235.167    S105.4,470.333,235.167,470.333z M235.167,34c110.783,0,201.167,90.383,201.167,201.167S345.95,436.333,235.167,436.333    S34,345.95,34,235.167S124.383,34,235.167,34z"
            />
            <path
              d="M164.333,196.633c7.083,0,13.883-2.833,18.983-7.933c10.483-10.483,10.483-27.483,0-37.967    c-5.1-5.1-11.9-7.933-18.983-7.933s-13.883,2.833-18.983,7.933c-10.483,10.483-10.483,27.483,0,37.967    C150.45,193.8,157.25,196.633,164.333,196.633z"
            />
            <path
              d="M299.2,196.633c7.083,0,13.883-2.833,18.983-7.933c10.483-10.483,10.483-27.483,0-37.967    c-5.1-5.1-11.9-7.933-18.983-7.933s-13.883,2.833-18.983,7.933c-10.483,10.483-10.483,27.483,0,37.967    C285.317,193.8,291.833,196.633,299.2,196.633z"
            />
            <path
              d="M157.25,328.667c0.567-1.7,11.617-38.25,73.667-38.25c64.033,0,82.167,38.817,82.733,40.233    c2.833,6.517,9.067,10.483,15.583,10.483c2.267,0,4.25-0.283,6.517-1.417c8.783-3.683,12.75-13.6,9.067-22.1    c-1.133-2.55-26.35-61.2-114.183-61.2c-89.533,0-105.967,61.2-106.533,63.75l16.433,4.25L157.25,328.667z"
            />
          </g>
        </g>
      </svg>
      <h2
        class="MuiTypography-root MuiTypography-h1 text-inherit mt-5 css-o2w69a-MuiTypography-root"
      >
        404
      </h2>
      <h2
        class="MuiTypography-root MuiTypography-h3 text-inherit my-2 css-gepadz-MuiTypography-root"
      >
        Producto no encontrado
      </h2>
      <h2
        class="MuiTypography-root MuiTypography-h6 text-inherit css-2ulfj5-MuiTypography-root"
      >
        El producto no existe o ya no hay disponibilidad
      </h2>
    </div>
  </div>,
  "debug": [Function],
  "findAllByAltText": [Function],
  "findAllByDisplayValue": [Function],
  "findAllByLabelText": [Function],
  "findAllByPlaceholderText": [Function],
  "findAllByRole": [Function],
  "findAllByTestId": [Function],
  "findAllByText": [Function],
  "findAllByTitle": [Function],
  "findByAltText": [Function],
  "findByDisplayValue": [Function],
  "findByLabelText": [Function],
  "findByPlaceholderText": [Function],
  "findByRole": [Function],
  "findByTestId": [Function],
  "findByText": [Function],
  "findByTitle": [Function],
  "getAllByAltText": [Function],
  "getAllByDisplayValue": [Function],
  "getAllByLabelText": [Function],
  "getAllByPlaceholderText": [Function],
  "getAllByRole": [Function],
  "getAllByTestId": [Function],
  "getAllByText": [Function],
  "getAllByTitle": [Function],
  "getByAltText": [Function],
  "getByDisplayValue": [Function],
  "getByLabelText": [Function],
  "getByPlaceholderText": [Function],
  "getByRole": [Function],
  "getByTestId": [Function],
  "getByText": [Function],
  "getByTitle": [Function],
  "queryAllByAltText": [Function],
  "queryAllByDisplayValue": [Function],
  "queryAllByLabelText": [Function],
  "queryAllByPlaceholderText": [Function],
  "queryAllByRole": [Function],
  "queryAllByTestId": [Function],
  "queryAllByText": [Function],
  "queryAllByTitle": [Function],
  "queryByAltText": [Function],
  "queryByDisplayValue": [Function],
  "queryByLabelText": [Function],
  "queryByPlaceholderText": [Function],
  "queryByRole": [Function],
  "queryByTestId": [Function],
  "queryByText": [Function],
  "queryByTitle": [Function],
  "rerender": [Function],
  "unmount": [Function],
}
`;
