// Jest Snapshot v1, https://goo.gl/fbAQLP

exports[`Testing on <AuthLayout/> must match with the Snapshot 1`] = `
{
  "asFragment": [Function],
  "baseElement": <body>
    <div>
      <main
        class="MuiGrid-root MuiGrid-item max-w-[90%] p-6 sm:w-[450px] rounded-lg my-12 css-hp5ulv-MuiGrid-root"
      >
        <h1
          class="MuiTypography-root MuiTypography-h2 mb-2 css-1sra7t5-MuiTypography-root"
        >
          title test
        </h1>
        contend test
      </main>
    </div>
  </body>,
  "container": <div>
    <main
      class="MuiGrid-root MuiGrid-item max-w-[90%] p-6 sm:w-[450px] rounded-lg my-12 css-hp5ulv-MuiGrid-root"
    >
      <h1
        class="MuiTypography-root MuiTypography-h2 mb-2 css-1sra7t5-MuiTypography-root"
      >
        title test
      </h1>
      contend test
    </main>
  </div>,
  "debug": [Function],
  "findAllByAltText": [Function],
  "findAllByDisplayValue": [Function],
  "findAllByLabelText": [Function],
  "findAllByPlaceholderText": [Function],
  "findAllByRole": [Function],
  "findAllByTestId": [Function],
  "findAllByText": [Function],
  "findAllByTitle": [Function],
  "findByAltText": [Function],
  "findByDisplayValue": [Function],
  "findByLabelText": [Function],
  "findByPlaceholderText": [Function],
  "findByRole": [Function],
  "findByTestId": [Function],
  "findByText": [Function],
  "findByTitle": [Function],
  "getAllByAltText": [Function],
  "getAllByDisplayValue": [Function],
  "getAllByLabelText": [Function],
  "getAllByPlaceholderText": [Function],
  "getAllByRole": [Function],
  "getAllByTestId": [Function],
  "getAllByText": [Function],
  "getAllByTitle": [Function],
  "getByAltText": [Function],
  "getByDisplayValue": [Function],
  "getByLabelText": [Function],
  "getByPlaceholderText": [Function],
  "getByRole": [Function],
  "getByTestId": [Function],
  "getByText": [Function],
  "getByTitle": [Function],
  "queryAllByAltText": [Function],
  "queryAllByDisplayValue": [Function],
  "queryAllByLabelText": [Function],
  "queryAllByPlaceholderText": [Function],
  "queryAllByRole": [Function],
  "queryAllByTestId": [Function],
  "queryAllByText": [Function],
  "queryAllByTitle": [Function],
  "queryByAltText": [Function],
  "queryByDisplayValue": [Function],
  "queryByLabelText": [Function],
  "queryByPlaceholderText": [Function],
  "queryByRole": [Function],
  "queryByTestId": [Function],
  "queryByText": [Function],
  "queryByTitle": [Function],
  "rerender": [Function],
  "unmount": [Function],
}
`;
